Component: ARM Compiler 6.14.1 Tool: armlink [5db06d00]

==============================================================================

Section Cross References

    main.o(.text.main) refers to system_stm32f4xx.o(.text.SystemInit) for SystemInit
    main.o(.text.main) refers to gpio.o(.text.GPIO_INIT) for GPIO_INIT
    main.o(.text.main) refers to uart.o(.text.USART_INIT) for USART_INIT
    main.o(.text.main) refers to pwm.o(.text.PWM_INIT) for PWM_INIT
    main.o(.text.main) refers to spi.o(.text.SPI_INIT) for SPI_INIT
    main.o(.text.main) refers to periodictimer.o(.text.PERIODIC_TIMER_INIT) for PERIODIC_TIMER_INIT
    main.o(.text.main) refers to main.o(.data.state) for state
    main.o(.text.main) refers to carhandler.o(.text.LightsOff) for LightsOff
    main.o(.text.main) refers to carhandler.o(.text.GoForward) for GoForward
    main.o(.text.main) refers to carhandler.o(.text.GoBackward) for GoBackward
    main.o(.text.main) refers to carhandler.o(.text.TurnRight) for TurnRight
    main.o(.text.main) refers to carhandler.o(.text.TurnLeft) for TurnLeft
    main.o(.text.main) refers to carhandler.o(.text.Horn) for Horn
    main.o(.text.main) refers to carhandler.o(.text.AdjustBrightness) for AdjustBrightness
    main.o(.text.main) refers to carhandler.o(.text.LightsOn) for LightsOn
    main.o(.text.main) refers to carhandler.o(.text.Reset) for Reset
    main.o(.text.main) refers to carhandler.o(.text.WaitForAction) for WaitForAction
    main.o(.ARM.exidx.text.main) refers to main.o(.text.main) for [Anonymous Symbol]
    main.o(.text.USART2_IRQHandler) refers to uart.o(.text.USART2_GetChar) for USART2_GetChar
    main.o(.text.USART2_IRQHandler) refers to main.o(.data.state) for state
    main.o(.text.USART2_IRQHandler) refers to main.o(.bss.lightsBrightness) for lightsBrightness
    main.o(.text.USART2_IRQHandler) refers to uart.o(.text.USART2_SendString) for USART2_SendString
    main.o(.text.USART2_IRQHandler) refers to main.o(.bss.isRightLightActive) for isRightLightActive
    main.o(.text.USART2_IRQHandler) refers to main.o(.bss.isLeftLightActive) for isLeftLightActive
    main.o(.text.USART2_IRQHandler) refers to main.o(.bss.backwardCounter) for backwardCounter
    main.o(.text.USART2_IRQHandler) refers to main.o(.bss.leftTurningCounter) for leftTurningCounter
    main.o(.text.USART2_IRQHandler) refers to main.o(.bss.rightTurningCounter) for rightTurningCounter
    main.o(.text.USART2_IRQHandler) refers to main.o(.bss.forwardCounter) for forwardCounter
    main.o(.ARM.exidx.text.USART2_IRQHandler) refers to main.o(.text.USART2_IRQHandler) for [Anonymous Symbol]
    main.o(.text.TIM1_UP_TIM10_IRQHandler) refers to main.o(.bss.isRightOn) for isRightOn
    main.o(.text.TIM1_UP_TIM10_IRQHandler) refers to main.o(.bss.isLeftOn) for isLeftOn
    main.o(.text.TIM1_UP_TIM10_IRQHandler) refers to main.o(.bss.isRightLightActive) for isRightLightActive
    main.o(.text.TIM1_UP_TIM10_IRQHandler) refers to main.o(.bss.isLeftLightActive) for isLeftLightActive
    main.o(.ARM.exidx.text.TIM1_UP_TIM10_IRQHandler) refers to main.o(.text.TIM1_UP_TIM10_IRQHandler) for [Anonymous Symbol]
    gpio.o(.text.GPIO_INIT) refers to gpio.o(.text.__NVIC_SetPriority) for __NVIC_SetPriority
    gpio.o(.text.GPIO_INIT) refers to gpio.o(.text.__NVIC_EnableIRQ) for __NVIC_EnableIRQ
    gpio.o(.ARM.exidx.text.GPIO_INIT) refers to gpio.o(.text.GPIO_INIT) for [Anonymous Symbol]
    gpio.o(.ARM.exidx.text.__NVIC_SetPriority) refers to gpio.o(.text.__NVIC_SetPriority) for [Anonymous Symbol]
    gpio.o(.ARM.exidx.text.__NVIC_EnableIRQ) refers to gpio.o(.text.__NVIC_EnableIRQ) for [Anonymous Symbol]
    gpio.o(.text.EXTI15_10_IRQHandler) refers to gpio.o(.bss.booleanVal) for booleanVal
    gpio.o(.ARM.exidx.text.EXTI15_10_IRQHandler) refers to gpio.o(.text.EXTI15_10_IRQHandler) for [Anonymous Symbol]
    uart.o(.text.USART_INIT) refers to uart.o(.text.__NVIC_SetPriority) for __NVIC_SetPriority
    uart.o(.text.USART_INIT) refers to uart.o(.text.__NVIC_EnableIRQ) for __NVIC_EnableIRQ
    uart.o(.ARM.exidx.text.USART_INIT) refers to uart.o(.text.USART_INIT) for [Anonymous Symbol]
    uart.o(.ARM.exidx.text.__NVIC_SetPriority) refers to uart.o(.text.__NVIC_SetPriority) for [Anonymous Symbol]
    uart.o(.ARM.exidx.text.__NVIC_EnableIRQ) refers to uart.o(.text.__NVIC_EnableIRQ) for [Anonymous Symbol]
    uart.o(.ARM.exidx.text.USART2_SendChar) refers to uart.o(.text.USART2_SendChar) for [Anonymous Symbol]
    uart.o(.text.USART2_SendString) refers to uart.o(.text.USART2_SendChar) for USART2_SendChar
    uart.o(.ARM.exidx.text.USART2_SendString) refers to uart.o(.text.USART2_SendString) for [Anonymous Symbol]
    uart.o(.ARM.exidx.text.USART2_GetChar) refers to uart.o(.text.USART2_GetChar) for [Anonymous Symbol]
    systemclock.o(.text.SYS_CLOCK_INIT) refers to system_stm32f4xx.o(.text.SystemInit) for SystemInit
    systemclock.o(.text.SYS_CLOCK_INIT) refers to system_stm32f4xx.o(.data.SystemCoreClock) for SystemCoreClock
    systemclock.o(.text.SYS_CLOCK_INIT) refers to system_stm32f4xx.o(.text.SystemCoreClockUpdate) for SystemCoreClockUpdate
    systemclock.o(.ARM.exidx.text.SYS_CLOCK_INIT) refers to systemclock.o(.text.SYS_CLOCK_INIT) for [Anonymous Symbol]
    systemclock.o(.text.test) refers to system_stm32f4xx.o(.text.SystemInit) for SystemInit
    systemclock.o(.text.test) refers to system_stm32f4xx.o(.data.SystemCoreClock) for SystemCoreClock
    systemclock.o(.text.test) refers to system_stm32f4xx.o(.text.SystemCoreClockUpdate) for SystemCoreClockUpdate
    systemclock.o(.ARM.exidx.text.test) refers to systemclock.o(.text.test) for [Anonymous Symbol]
    pwm.o(.ARM.exidx.text.PWM_INIT) refers to pwm.o(.text.PWM_INIT) for [Anonymous Symbol]
    spi.o(.ARM.exidx.text.SPI_INIT) refers to spi.o(.text.SPI_INIT) for [Anonymous Symbol]
    spi.o(.ARM.exidx.text.MCP_Write_Reg) refers to spi.o(.text.MCP_Write_Reg) for [Anonymous Symbol]
    periodictimer.o(.text.PERIODIC_TIMER_INIT) refers to periodictimer.o(.text.__NVIC_SetPriority) for __NVIC_SetPriority
    periodictimer.o(.text.PERIODIC_TIMER_INIT) refers to periodictimer.o(.text.__NVIC_EnableIRQ) for __NVIC_EnableIRQ
    periodictimer.o(.ARM.exidx.text.PERIODIC_TIMER_INIT) refers to periodictimer.o(.text.PERIODIC_TIMER_INIT) for [Anonymous Symbol]
    periodictimer.o(.ARM.exidx.text.__NVIC_SetPriority) refers to periodictimer.o(.text.__NVIC_SetPriority) for [Anonymous Symbol]
    periodictimer.o(.ARM.exidx.text.__NVIC_EnableIRQ) refers to periodictimer.o(.text.__NVIC_EnableIRQ) for [Anonymous Symbol]
    carhandler.o(.ARM.exidx.text.delayMs) refers to carhandler.o(.text.delayMs) for [Anonymous Symbol]
    carhandler.o(.text.GoForward) refers to main.o(.bss.forwardCounter) for forwardCounter
    carhandler.o(.text.GoForward) refers to carhandler.o(.text.MotorsForward) for MotorsForward
    carhandler.o(.ARM.exidx.text.GoForward) refers to carhandler.o(.text.GoForward) for [Anonymous Symbol]
    carhandler.o(.ARM.exidx.text.MotorsForward) refers to carhandler.o(.text.MotorsForward) for [Anonymous Symbol]
    carhandler.o(.text.GoBackward) refers to main.o(.bss.backwardCounter) for backwardCounter
    carhandler.o(.text.GoBackward) refers to carhandler.o(.text.MotorsBackward) for MotorsBackward
    carhandler.o(.ARM.exidx.text.GoBackward) refers to carhandler.o(.text.GoBackward) for [Anonymous Symbol]
    carhandler.o(.ARM.exidx.text.MotorsBackward) refers to carhandler.o(.text.MotorsBackward) for [Anonymous Symbol]
    carhandler.o(.text.TurnRight) refers to main.o(.bss.rightTurningCounter) for rightTurningCounter
    carhandler.o(.text.TurnRight) refers to carhandler.o(.text.MotorsTurningRight) for MotorsTurningRight
    carhandler.o(.ARM.exidx.text.TurnRight) refers to carhandler.o(.text.TurnRight) for [Anonymous Symbol]
    carhandler.o(.ARM.exidx.text.MotorsTurningRight) refers to carhandler.o(.text.MotorsTurningRight) for [Anonymous Symbol]
    carhandler.o(.text.TurnLeft) refers to main.o(.bss.leftTurningCounter) for leftTurningCounter
    carhandler.o(.text.TurnLeft) refers to carhandler.o(.text.MotorsTurningLeft) for MotorsTurningLeft
    carhandler.o(.ARM.exidx.text.TurnLeft) refers to carhandler.o(.text.TurnLeft) for [Anonymous Symbol]
    carhandler.o(.ARM.exidx.text.MotorsTurningLeft) refers to carhandler.o(.text.MotorsTurningLeft) for [Anonymous Symbol]
    carhandler.o(.text.Horn) refers to carhandler.o(.text.delayMs) for delayMs
    carhandler.o(.text.Horn) refers to main.o(.data.state) for state
    carhandler.o(.ARM.exidx.text.Horn) refers to carhandler.o(.text.Horn) for [Anonymous Symbol]
    carhandler.o(.ARM.exidx.text.LightsOn) refers to carhandler.o(.text.LightsOn) for [Anonymous Symbol]
    carhandler.o(.ARM.exidx.text.LightsOff) refers to carhandler.o(.text.LightsOff) for [Anonymous Symbol]
    carhandler.o(.text.AdjustBrightness) refers to main.o(.bss.lightsBrightness) for lightsBrightness
    carhandler.o(.ARM.exidx.text.AdjustBrightness) refers to carhandler.o(.text.AdjustBrightness) for [Anonymous Symbol]
    carhandler.o(.text.Reset) refers to main.o(.bss.forwardCounter) for forwardCounter
    carhandler.o(.text.Reset) refers to main.o(.bss.backwardCounter) for backwardCounter
    carhandler.o(.text.Reset) refers to main.o(.bss.rightTurningCounter) for rightTurningCounter
    carhandler.o(.text.Reset) refers to main.o(.bss.leftTurningCounter) for leftTurningCounter
    carhandler.o(.text.Reset) refers to main.o(.bss.isLeftLightActive) for isLeftLightActive
    carhandler.o(.text.Reset) refers to main.o(.bss.isRightLightActive) for isRightLightActive
    carhandler.o(.ARM.exidx.text.Reset) refers to carhandler.o(.text.Reset) for [Anonymous Symbol]
    carhandler.o(.ARM.exidx.text.MotorsReset) refers to carhandler.o(.text.MotorsReset) for [Anonymous Symbol]
    carhandler.o(.text.WaitForAction) refers to main.o(.data.state) for state
    carhandler.o(.text.WaitForAction) refers to carhandler.o(.text.MotorsReset) for MotorsReset
    carhandler.o(.ARM.exidx.text.WaitForAction) refers to carhandler.o(.text.WaitForAction) for [Anonymous Symbol]
    startup_stm32f411xe.o(STACK) refers (Special) to heapauxi.o(.text) for __use_two_region_memory
    startup_stm32f411xe.o(HEAP) refers (Special) to heapauxi.o(.text) for __use_two_region_memory
    startup_stm32f411xe.o(RESET) refers (Special) to heapauxi.o(.text) for __use_two_region_memory
    startup_stm32f411xe.o(RESET) refers to startup_stm32f411xe.o(STACK) for __initial_sp
    startup_stm32f411xe.o(RESET) refers to startup_stm32f411xe.o(.text) for Reset_Handler
    startup_stm32f411xe.o(RESET) refers to main.o(.text.TIM1_UP_TIM10_IRQHandler) for TIM1_UP_TIM10_IRQHandler
    startup_stm32f411xe.o(RESET) refers to main.o(.text.USART2_IRQHandler) for USART2_IRQHandler
    startup_stm32f411xe.o(RESET) refers to gpio.o(.text.EXTI15_10_IRQHandler) for EXTI15_10_IRQHandler
    startup_stm32f411xe.o(.text) refers (Special) to heapauxi.o(.text) for __use_two_region_memory
    startup_stm32f411xe.o(.text) refers to system_stm32f4xx.o(.text.SystemInit) for SystemInit
    startup_stm32f411xe.o(.text) refers to __main.o(!!!main) for __main
    startup_stm32f411xe.o(.text) refers to startup_stm32f411xe.o(HEAP) for Heap_Mem
    startup_stm32f411xe.o(.text) refers to startup_stm32f411xe.o(STACK) for Stack_Mem
    system_stm32f4xx.o(.ARM.exidx.text.SystemInit) refers to system_stm32f4xx.o(.text.SystemInit) for [Anonymous Symbol]
    system_stm32f4xx.o(.text.SystemCoreClockUpdate) refers to system_stm32f4xx.o(.data.SystemCoreClock) for SystemCoreClock
    system_stm32f4xx.o(.text.SystemCoreClockUpdate) refers to system_stm32f4xx.o(.rodata.AHBPrescTable) for AHBPrescTable
    system_stm32f4xx.o(.ARM.exidx.text.SystemCoreClockUpdate) refers to system_stm32f4xx.o(.text.SystemCoreClockUpdate) for [Anonymous Symbol]
    __main.o(!!!main) refers to __rtentry.o(.ARM.Collect$$rtentry$$00000000) for __rt_entry
    __rtentry.o(.ARM.Collect$$rtentry$$00000000) refers (Special) to __rtentry2.o(.ARM.Collect$$rtentry$$0000000A) for __rt_entry_li
    __rtentry.o(.ARM.Collect$$rtentry$$00000000) refers (Special) to __rtentry2.o(.ARM.Collect$$rtentry$$0000000D) for __rt_entry_main
    __rtentry.o(.ARM.Collect$$rtentry$$00000000) refers (Special) to __rtentry2.o(.ARM.Collect$$rtentry$$0000000C) for __rt_entry_postli_1
    __rtentry.o(.ARM.Collect$$rtentry$$00000000) refers (Special) to __rtentry2.o(.ARM.Collect$$rtentry$$00000009) for __rt_entry_postsh_1
    __rtentry.o(.ARM.Collect$$rtentry$$00000000) refers (Special) to __rtentry2.o(.ARM.Collect$$rtentry$$00000002) for __rt_entry_presh_1
    __rtentry.o(.ARM.Collect$$rtentry$$00000000) refers (Special) to __rtentry4.o(.ARM.Collect$$rtentry$$00000004) for __rt_entry_sh
    __rtentry2.o(.ARM.Collect$$rtentry$$00000008) refers to boardinit2.o(.text) for _platform_post_stackheap_init
    __rtentry2.o(.ARM.Collect$$rtentry$$0000000A) refers to libinit.o(.ARM.Collect$$libinit$$00000000) for __rt_lib_init
    __rtentry2.o(.ARM.Collect$$rtentry$$0000000B) refers to boardinit3.o(.text) for _platform_post_lib_init
    __rtentry2.o(.ARM.Collect$$rtentry$$0000000D) refers to main.o(.text.main) for main
    __rtentry2.o(.ARM.Collect$$rtentry$$0000000D) refers to exit.o(.text) for exit
    __rtentry2.o(.ARM.exidx) refers to __rtentry2.o(.ARM.Collect$$rtentry$$00000001) for .ARM.Collect$$rtentry$$00000001
    __rtentry2.o(.ARM.exidx) refers to __rtentry2.o(.ARM.Collect$$rtentry$$00000008) for .ARM.Collect$$rtentry$$00000008
    __rtentry2.o(.ARM.exidx) refers to __rtentry2.o(.ARM.Collect$$rtentry$$0000000A) for .ARM.Collect$$rtentry$$0000000A
    __rtentry2.o(.ARM.exidx) refers to __rtentry2.o(.ARM.Collect$$rtentry$$0000000B) for .ARM.Collect$$rtentry$$0000000B
    __rtentry2.o(.ARM.exidx) refers to __rtentry2.o(.ARM.Collect$$rtentry$$0000000D) for .ARM.Collect$$rtentry$$0000000D
    __rtentry4.o(.ARM.Collect$$rtentry$$00000004) refers to sys_stackheap_outer.o(.text) for __user_setup_stackheap
    __rtentry4.o(.ARM.exidx) refers to __rtentry4.o(.ARM.Collect$$rtentry$$00000004) for .ARM.Collect$$rtentry$$00000004
    sys_stackheap_outer.o(.text) refers to libspace.o(.text) for __user_perproc_libspace
    sys_stackheap_outer.o(.text) refers to startup_stm32f411xe.o(.text) for __user_initial_stackheap
    exit.o(.text) refers to rtexit.o(.ARM.Collect$$rtexit$$00000000) for __rt_exit
    libinit.o(.ARM.Collect$$libinit$$00000000) refers (Special) to libinit2.o(.ARM.Collect$$libinit$$0000002E) for __rt_lib_init_alloca_1
    libinit.o(.ARM.Collect$$libinit$$00000000) refers (Special) to libinit2.o(.ARM.Collect$$libinit$$0000002C) for __rt_lib_init_argv_1
    libinit.o(.ARM.Collect$$libinit$$00000000) refers (Special) to libinit2.o(.ARM.Collect$$libinit$$0000001B) for __rt_lib_init_atexit_1
    libinit.o(.ARM.Collect$$libinit$$00000000) refers (Special) to libinit2.o(.ARM.Collect$$libinit$$00000021) for __rt_lib_init_clock_1
    libinit.o(.ARM.Collect$$libinit$$00000000) refers (Special) to libinit2.o(.ARM.Collect$$libinit$$00000032) for __rt_lib_init_cpp_1
    libinit.o(.ARM.Collect$$libinit$$00000000) refers (Special) to libinit2.o(.ARM.Collect$$libinit$$00000030) for __rt_lib_init_exceptions_1
    libinit.o(.ARM.Collect$$libinit$$00000000) refers (Special) to libinit2.o(.ARM.Collect$$libinit$$00000001) for __rt_lib_init_fp_1
    libinit.o(.ARM.Collect$$libinit$$00000000) refers (Special) to libinit2.o(.ARM.Collect$$libinit$$0000001F) for __rt_lib_init_fp_trap_1
    libinit.o(.ARM.Collect$$libinit$$00000000) refers (Special) to libinit2.o(.ARM.Collect$$libinit$$00000023) for __rt_lib_init_getenv_1
    libinit.o(.ARM.Collect$$libinit$$00000000) refers (Special) to libinit2.o(.ARM.Collect$$libinit$$0000000A) for __rt_lib_init_heap_1
    libinit.o(.ARM.Collect$$libinit$$00000000) refers (Special) to libinit2.o(.ARM.Collect$$libinit$$00000011) for __rt_lib_init_lc_collate_1
    libinit.o(.ARM.Collect$$libinit$$00000000) refers (Special) to libinit2.o(.ARM.Collect$$libinit$$00000013) for __rt_lib_init_lc_ctype_1
    libinit.o(.ARM.Collect$$libinit$$00000000) refers (Special) to libinit2.o(.ARM.Collect$$libinit$$00000015) for __rt_lib_init_lc_monetary_1
    libinit.o(.ARM.Collect$$libinit$$00000000) refers (Special) to libinit2.o(.ARM.Collect$$libinit$$00000017) for __rt_lib_init_lc_numeric_1
    libinit.o(.ARM.Collect$$libinit$$00000000) refers (Special) to libinit2.o(.ARM.Collect$$libinit$$00000019) for __rt_lib_init_lc_time_1
    libinit.o(.ARM.Collect$$libinit$$00000000) refers (Special) to libinit2.o(.ARM.Collect$$libinit$$00000004) for __rt_lib_init_preinit_1
    libinit.o(.ARM.Collect$$libinit$$00000000) refers (Special) to libinit2.o(.ARM.Collect$$libinit$$0000000E) for __rt_lib_init_rand_1
    libinit.o(.ARM.Collect$$libinit$$00000000) refers (Special) to libinit2.o(.ARM.Collect$$libinit$$00000033) for __rt_lib_init_return
    libinit.o(.ARM.Collect$$libinit$$00000000) refers (Special) to libinit2.o(.ARM.Collect$$libinit$$0000001D) for __rt_lib_init_signal_1
    libinit.o(.ARM.Collect$$libinit$$00000000) refers (Special) to libinit2.o(.ARM.Collect$$libinit$$00000025) for __rt_lib_init_stdio_1
    libinit.o(.ARM.Collect$$libinit$$00000000) refers (Special) to libinit2.o(.ARM.Collect$$libinit$$0000000C) for __rt_lib_init_user_alloc_1
    libspace.o(.text) refers to libspace.o(.bss) for __libspace_start
    rtexit.o(.ARM.Collect$$rtexit$$00000000) refers (Special) to rtexit2.o(.ARM.Collect$$rtexit$$00000004) for __rt_exit_exit
    rtexit.o(.ARM.Collect$$rtexit$$00000000) refers (Special) to rtexit2.o(.ARM.Collect$$rtexit$$00000003) for __rt_exit_ls
    rtexit.o(.ARM.Collect$$rtexit$$00000000) refers (Special) to rtexit2.o(.ARM.Collect$$rtexit$$00000002) for __rt_exit_prels_1
    rtexit.o(.ARM.exidx) refers (Special) to rtexit2.o(.ARM.Collect$$rtexit$$00000004) for __rt_exit_exit
    rtexit.o(.ARM.exidx) refers (Special) to rtexit2.o(.ARM.Collect$$rtexit$$00000003) for __rt_exit_ls
    rtexit.o(.ARM.exidx) refers (Special) to rtexit2.o(.ARM.Collect$$rtexit$$00000002) for __rt_exit_prels_1
    rtexit.o(.ARM.exidx) refers to rtexit.o(.ARM.Collect$$rtexit$$00000000) for .ARM.Collect$$rtexit$$00000000
    libinit2.o(.ARM.Collect$$libinit$$00000001) refers to fpinit.o(x$fpl$fpinit) for _fp_init
    libinit2.o(.ARM.Collect$$libinit$$00000010) refers to libinit2.o(.ARM.Collect$$libinit$$0000000F) for .ARM.Collect$$libinit$$0000000F
    libinit2.o(.ARM.Collect$$libinit$$00000012) refers to libinit2.o(.ARM.Collect$$libinit$$0000000F) for .ARM.Collect$$libinit$$0000000F
    libinit2.o(.ARM.Collect$$libinit$$00000014) refers to libinit2.o(.ARM.Collect$$libinit$$0000000F) for .ARM.Collect$$libinit$$0000000F
    libinit2.o(.ARM.Collect$$libinit$$00000016) refers to libinit2.o(.ARM.Collect$$libinit$$0000000F) for .ARM.Collect$$libinit$$0000000F
    libinit2.o(.ARM.Collect$$libinit$$00000018) refers to libinit2.o(.ARM.Collect$$libinit$$0000000F) for .ARM.Collect$$libinit$$0000000F
    libinit2.o(.ARM.Collect$$libinit$$00000026) refers to argv_veneer.o(.emb_text) for __ARM_argv_veneer
    libinit2.o(.ARM.Collect$$libinit$$00000027) refers to argv_veneer.o(.emb_text) for __ARM_argv_veneer
    rtexit2.o(.ARM.Collect$$rtexit$$00000003) refers to libshutdown.o(.ARM.Collect$$libshutdown$$00000000) for __rt_lib_shutdown
    rtexit2.o(.ARM.Collect$$rtexit$$00000004) refers to sys_exit.o(.text) for _sys_exit
    rtexit2.o(.ARM.exidx) refers to rtexit2.o(.ARM.Collect$$rtexit$$00000001) for .ARM.Collect$$rtexit$$00000001
    rtexit2.o(.ARM.exidx) refers to rtexit2.o(.ARM.Collect$$rtexit$$00000003) for .ARM.Collect$$rtexit$$00000003
    rtexit2.o(.ARM.exidx) refers to rtexit2.o(.ARM.Collect$$rtexit$$00000004) for .ARM.Collect$$rtexit$$00000004
    argv_veneer.o(.emb_text) refers to no_argv.o(.text) for __ARM_get_argv
    sys_exit.o(.text) refers (Special) to use_no_semi.o(.text) for __I$use$semihosting
    sys_exit.o(.text) refers (Special) to indicate_semi.o(.text) for __semihosting_library_function
    sys_exit_hlt.o(.text) refers (Special) to use_no_semi.o(.text) for __I$use$semihosting
    sys_exit_hlt.o(.text) refers (Special) to indicate_semi.o(.text) for __semihosting_library_function
    _get_argv_nomalloc.o(.text) refers (Special) to hrguard.o(.text) for __heap_region$guard
    _get_argv_nomalloc.o(.text) refers to defsig_rtmem_outer.o(.text) for __rt_SIGRTMEM
    _get_argv_nomalloc.o(.text) refers to sys_command.o(.text) for _sys_command_string
    libshutdown.o(.ARM.Collect$$libshutdown$$00000000) refers (Special) to libshutdown2.o(.ARM.Collect$$libshutdown$$00000002) for __rt_lib_shutdown_cpp_1
    libshutdown.o(.ARM.Collect$$libshutdown$$00000000) refers (Special) to libshutdown2.o(.ARM.Collect$$libshutdown$$00000007) for __rt_lib_shutdown_fp_trap_1
    libshutdown.o(.ARM.Collect$$libshutdown$$00000000) refers (Special) to libshutdown2.o(.ARM.Collect$$libshutdown$$0000000F) for __rt_lib_shutdown_heap_1
    libshutdown.o(.ARM.Collect$$libshutdown$$00000000) refers (Special) to libshutdown2.o(.ARM.Collect$$libshutdown$$00000010) for __rt_lib_shutdown_return
    libshutdown.o(.ARM.Collect$$libshutdown$$00000000) refers (Special) to libshutdown2.o(.ARM.Collect$$libshutdown$$0000000A) for __rt_lib_shutdown_signal_1
    libshutdown.o(.ARM.Collect$$libshutdown$$00000000) refers (Special) to libshutdown2.o(.ARM.Collect$$libshutdown$$00000004) for __rt_lib_shutdown_stdio_1
    libshutdown.o(.ARM.Collect$$libshutdown$$00000000) refers (Special) to libshutdown2.o(.ARM.Collect$$libshutdown$$0000000C) for __rt_lib_shutdown_user_alloc_1
    sys_command.o(.text) refers (Special) to use_no_semi.o(.text) for __I$use$semihosting
    sys_command.o(.text) refers (Special) to indicate_semi.o(.text) for __semihosting_library_function
    sys_command_hlt.o(.text) refers (Special) to use_no_semi.o(.text) for __I$use$semihosting
    sys_command_hlt.o(.text) refers (Special) to indicate_semi.o(.text) for __semihosting_library_function
    defsig_rtmem_outer.o(.text) refers to defsig_rtmem_inner.o(.text) for __rt_SIGRTMEM_inner
    defsig_rtmem_outer.o(.text) refers to defsig_exit.o(.text) for __sig_exit
    defsig_rtmem_formal.o(.text) refers to rt_raise.o(.text) for __rt_raise
    rt_raise.o(.text) refers to __raise.o(.text) for __raise
    rt_raise.o(.text) refers to sys_exit.o(.text) for _sys_exit
    defsig_exit.o(.text) refers to sys_exit.o(.text) for _sys_exit
    defsig_rtmem_inner.o(.text) refers to defsig_general.o(.text) for __default_signal_display
    __raise.o(.text) refers to defsig.o(CL$$defsig) for __default_signal_handler
    defsig_general.o(.text) refers to sys_wrch.o(.text) for _ttywrch
    sys_wrch.o(.text) refers (Special) to use_no_semi.o(.text) for __I$use$semihosting
    sys_wrch.o(.text) refers (Special) to indicate_semi.o(.text) for __semihosting_library_function
    sys_wrch_hlt.o(.text) refers (Special) to use_no_semi.o(.text) for __I$use$semihosting
    sys_wrch_hlt.o(.text) refers (Special) to indicate_semi.o(.text) for __semihosting_library_function
    defsig.o(CL$$defsig) refers to defsig_rtmem_inner.o(.text) for __rt_SIGRTMEM_inner
    defsig_abrt_inner.o(.text) refers to defsig_general.o(.text) for __default_signal_display
    defsig_fpe_inner.o(.text) refers to defsig_general.o(.text) for __default_signal_display
    defsig_rtred_inner.o(.text) refers to defsig_general.o(.text) for __default_signal_display
    defsig_stak_inner.o(.text) refers to defsig_general.o(.text) for __default_signal_display
    defsig_pvfn_inner.o(.text) refers to defsig_general.o(.text) for __default_signal_display
    defsig_cppl_inner.o(.text) refers to defsig_general.o(.text) for __default_signal_display
    defsig_segv_inner.o(.text) refers to defsig_general.o(.text) for __default_signal_display
    defsig_other.o(.text) refers to defsig_general.o(.text) for __default_signal_display


==============================================================================

Removing Unused input sections from the image.

    Removing main.o(.text), (0 bytes).
    Removing main.o(.ARM.exidx.text.main), (8 bytes).
    Removing main.o(.ARM.exidx.text.USART2_IRQHandler), (8 bytes).
    Removing main.o(.ARM.exidx.text.TIM1_UP_TIM10_IRQHandler), (8 bytes).
    Removing main.o(.ARM.use_no_argv), (4 bytes).
    Removing gpio.o(.text), (0 bytes).
    Removing gpio.o(.ARM.exidx.text.GPIO_INIT), (8 bytes).
    Removing gpio.o(.ARM.exidx.text.__NVIC_SetPriority), (8 bytes).
    Removing gpio.o(.ARM.exidx.text.__NVIC_EnableIRQ), (8 bytes).
    Removing gpio.o(.ARM.exidx.text.EXTI15_10_IRQHandler), (8 bytes).
    Removing uart.o(.text), (0 bytes).
    Removing uart.o(.ARM.exidx.text.USART_INIT), (8 bytes).
    Removing uart.o(.ARM.exidx.text.__NVIC_SetPriority), (8 bytes).
    Removing uart.o(.ARM.exidx.text.__NVIC_EnableIRQ), (8 bytes).
    Removing uart.o(.ARM.exidx.text.USART2_SendChar), (8 bytes).
    Removing uart.o(.ARM.exidx.text.USART2_SendString), (8 bytes).
    Removing uart.o(.ARM.exidx.text.USART2_GetChar), (8 bytes).
    Removing systemclock.o(.text), (0 bytes).
    Removing systemclock.o(.text.SYS_CLOCK_INIT), (162 bytes).
    Removing systemclock.o(.ARM.exidx.text.SYS_CLOCK_INIT), (8 bytes).
    Removing systemclock.o(.text.test), (162 bytes).
    Removing systemclock.o(.ARM.exidx.text.test), (8 bytes).
    Removing pwm.o(.text), (0 bytes).
    Removing pwm.o(.ARM.exidx.text.PWM_INIT), (8 bytes).
    Removing spi.o(.text), (0 bytes).
    Removing spi.o(.ARM.exidx.text.SPI_INIT), (8 bytes).
    Removing spi.o(.text.MCP_Write_Reg), (70 bytes).
    Removing spi.o(.ARM.exidx.text.MCP_Write_Reg), (8 bytes).
    Removing periodictimer.o(.text), (0 bytes).
    Removing periodictimer.o(.ARM.exidx.text.PERIODIC_TIMER_INIT), (8 bytes).
    Removing periodictimer.o(.ARM.exidx.text.__NVIC_SetPriority), (8 bytes).
    Removing periodictimer.o(.ARM.exidx.text.__NVIC_EnableIRQ), (8 bytes).
    Removing carhandler.o(.text), (0 bytes).
    Removing carhandler.o(.ARM.exidx.text.delayMs), (8 bytes).
    Removing carhandler.o(.ARM.exidx.text.GoForward), (8 bytes).
    Removing carhandler.o(.ARM.exidx.text.MotorsForward), (8 bytes).
    Removing carhandler.o(.ARM.exidx.text.GoBackward), (8 bytes).
    Removing carhandler.o(.ARM.exidx.text.MotorsBackward), (8 bytes).
    Removing carhandler.o(.ARM.exidx.text.TurnRight), (8 bytes).
    Removing carhandler.o(.ARM.exidx.text.MotorsTurningRight), (8 bytes).
    Removing carhandler.o(.ARM.exidx.text.TurnLeft), (8 bytes).
    Removing carhandler.o(.ARM.exidx.text.MotorsTurningLeft), (8 bytes).
    Removing carhandler.o(.ARM.exidx.text.Horn), (8 bytes).
    Removing carhandler.o(.ARM.exidx.text.LightsOn), (8 bytes).
    Removing carhandler.o(.ARM.exidx.text.LightsOff), (8 bytes).
    Removing carhandler.o(.ARM.exidx.text.AdjustBrightness), (8 bytes).
    Removing carhandler.o(.ARM.exidx.text.Reset), (8 bytes).
    Removing carhandler.o(.ARM.exidx.text.MotorsReset), (8 bytes).
    Removing carhandler.o(.ARM.exidx.text.WaitForAction), (8 bytes).
    Removing system_stm32f4xx.o(.text), (0 bytes).
    Removing system_stm32f4xx.o(.ARM.exidx.text.SystemInit), (8 bytes).
    Removing system_stm32f4xx.o(.text.SystemCoreClockUpdate), (126 bytes).
    Removing system_stm32f4xx.o(.ARM.exidx.text.SystemCoreClockUpdate), (8 bytes).
    Removing system_stm32f4xx.o(.data.SystemCoreClock), (4 bytes).
    Removing system_stm32f4xx.o(.rodata.AHBPrescTable), (16 bytes).
    Removing system_stm32f4xx.o(.rodata.APBPrescTable), (8 bytes).

56 unused section(s) (total 864 bytes) removed from the image.

==============================================================================

Image Symbol Table

    Local Symbols

    Symbol Name                              Value     Ov Type        Size  Object(Section)

    ../clib/angel/boardlib.s                 0x00000000   Number         0  boardinit1.o ABSOLUTE
    ../clib/angel/boardlib.s                 0x00000000   Number         0  boardinit2.o ABSOLUTE
    ../clib/angel/boardlib.s                 0x00000000   Number         0  boardinit3.o ABSOLUTE
    ../clib/angel/boardlib.s                 0x00000000   Number         0  boardshut.o ABSOLUTE
    ../clib/angel/handlers.s                 0x00000000   Number         0  __scatter_copy.o ABSOLUTE
    ../clib/angel/handlers.s                 0x00000000   Number         0  __scatter_zi.o ABSOLUTE
    ../clib/angel/kernel.s                   0x00000000   Number         0  __rtentry.o ABSOLUTE
    ../clib/angel/kernel.s                   0x00000000   Number         0  __rtentry2.o ABSOLUTE
    ../clib/angel/kernel.s                   0x00000000   Number         0  __rtentry4.o ABSOLUTE
    ../clib/angel/kernel.s                   0x00000000   Number         0  rtexit.o ABSOLUTE
    ../clib/angel/kernel.s                   0x00000000   Number         0  rtexit2.o ABSOLUTE
    ../clib/angel/rt.s                       0x00000000   Number         0  rt_raise.o ABSOLUTE
    ../clib/angel/scatter.s                  0x00000000   Number         0  __scatter.o ABSOLUTE
    ../clib/angel/startup.s                  0x00000000   Number         0  __main.o ABSOLUTE
    ../clib/angel/sys.s                      0x00000000   Number         0  sys_stackheap_outer.o ABSOLUTE
    ../clib/angel/sys.s                      0x00000000   Number         0  libspace.o ABSOLUTE
    ../clib/angel/sys.s                      0x00000000   Number         0  use_no_semi.o ABSOLUTE
    ../clib/angel/sys.s                      0x00000000   Number         0  indicate_semi.o ABSOLUTE
    ../clib/angel/sysapp.c                   0x00000000   Number         0  sys_exit.o ABSOLUTE
    ../clib/angel/sysapp.c                   0x00000000   Number         0  sys_exit_hlt.o ABSOLUTE
    ../clib/angel/sysapp.c                   0x00000000   Number         0  sys_command.o ABSOLUTE
    ../clib/angel/sysapp.c                   0x00000000   Number         0  sys_command_hlt.o ABSOLUTE
    ../clib/angel/sysapp.c                   0x00000000   Number         0  sys_wrch.o ABSOLUTE
    ../clib/angel/sysapp.c                   0x00000000   Number         0  sys_wrch_hlt.o ABSOLUTE
    ../clib/armsys.c                         0x00000000   Number         0  argv_veneer.o ABSOLUTE
    ../clib/armsys.c                         0x00000000   Number         0  argv_veneer.o ABSOLUTE
    ../clib/armsys.c                         0x00000000   Number         0  _get_argv_nomalloc.o ABSOLUTE
    ../clib/armsys.c                         0x00000000   Number         0  no_argv.o ABSOLUTE
    ../clib/heapalloc.c                      0x00000000   Number         0  hrguard.o ABSOLUTE
    ../clib/heapaux.c                        0x00000000   Number         0  heapauxi.o ABSOLUTE
    ../clib/libinit.s                        0x00000000   Number         0  libinit.o ABSOLUTE
    ../clib/libinit.s                        0x00000000   Number         0  libinit2.o ABSOLUTE
    ../clib/libinit.s                        0x00000000   Number         0  libshutdown.o ABSOLUTE
    ../clib/libinit.s                        0x00000000   Number         0  libshutdown2.o ABSOLUTE
    ../clib/signal.c                         0x00000000   Number         0  defsig_rtmem_outer.o ABSOLUTE
    ../clib/signal.c                         0x00000000   Number         0  defsig_rtmem_formal.o ABSOLUTE
    ../clib/signal.c                         0x00000000   Number         0  defsig_exit.o ABSOLUTE
    ../clib/signal.c                         0x00000000   Number         0  defsig_rtmem_inner.o ABSOLUTE
    ../clib/signal.c                         0x00000000   Number         0  __raise.o ABSOLUTE
    ../clib/signal.c                         0x00000000   Number         0  defsig_general.o ABSOLUTE
    ../clib/signal.c                         0x00000000   Number         0  defsig_abrt_inner.o ABSOLUTE
    ../clib/signal.c                         0x00000000   Number         0  defsig_fpe_inner.o ABSOLUTE
    ../clib/signal.c                         0x00000000   Number         0  defsig_rtred_inner.o ABSOLUTE
    ../clib/signal.c                         0x00000000   Number         0  defsig_stak_inner.o ABSOLUTE
    ../clib/signal.c                         0x00000000   Number         0  defsig_pvfn_inner.o ABSOLUTE
    ../clib/signal.c                         0x00000000   Number         0  defsig_cppl_inner.o ABSOLUTE
    ../clib/signal.c                         0x00000000   Number         0  defsig_segv_inner.o ABSOLUTE
    ../clib/signal.c                         0x00000000   Number         0  defsig_other.o ABSOLUTE
    ../clib/signal.s                         0x00000000   Number         0  defsig.o ABSOLUTE
    ../clib/stdlib.c                         0x00000000   Number         0  exit.o ABSOLUTE
    ../fplib/fpinit.s                        0x00000000   Number         0  fpinit.o ABSOLUTE
    RTE/Device/STM32F411RETx/startup_stm32f411xe.s 0x00000000   Number         0  startup_stm32f411xe.o ABSOLUTE
    carHandler.c                             0x00000000   Number         0  carhandler.o ABSOLUTE
    dc.s                                     0x00000000   Number         0  dc.o ABSOLUTE
    gpio.c                                   0x00000000   Number         0  gpio.o ABSOLUTE
    main.c                                   0x00000000   Number         0  main.o ABSOLUTE
    periodicTimer.c                          0x00000000   Number         0  periodictimer.o ABSOLUTE
    pwm.c                                    0x00000000   Number         0  pwm.o ABSOLUTE
    spi.c                                    0x00000000   Number         0  spi.o ABSOLUTE
    systemClock.c                            0x00000000   Number         0  systemclock.o ABSOLUTE
    system_stm32f4xx.c                       0x00000000   Number         0  system_stm32f4xx.o ABSOLUTE
    uart.c                                   0x00000000   Number         0  uart.o ABSOLUTE
    RESET                                    0x08000000   Section      408  startup_stm32f411xe.o(RESET)
    !!!main                                  0x08000198   Section        8  __main.o(!!!main)
    !!!scatter                               0x080001a0   Section       52  __scatter.o(!!!scatter)
    !!handler_copy                           0x080001d4   Section       26  __scatter_copy.o(!!handler_copy)
    !!handler_zi                             0x080001f0   Section       28  __scatter_zi.o(!!handler_zi)
    .ARM.Collect$$libinit$$00000000          0x0800020c   Section        2  libinit.o(.ARM.Collect$$libinit$$00000000)
    .ARM.Collect$$libinit$$00000001          0x0800020e   Section        4  libinit2.o(.ARM.Collect$$libinit$$00000001)
    .ARM.Collect$$libinit$$00000004          0x08000212   Section        0  libinit2.o(.ARM.Collect$$libinit$$00000004)
    .ARM.Collect$$libinit$$0000000A          0x08000212   Section        0  libinit2.o(.ARM.Collect$$libinit$$0000000A)
    .ARM.Collect$$libinit$$0000000C          0x08000212   Section        0  libinit2.o(.ARM.Collect$$libinit$$0000000C)
    .ARM.Collect$$libinit$$0000000E          0x08000212   Section        0  libinit2.o(.ARM.Collect$$libinit$$0000000E)
    .ARM.Collect$$libinit$$00000011          0x08000212   Section        0  libinit2.o(.ARM.Collect$$libinit$$00000011)
    .ARM.Collect$$libinit$$00000013          0x08000212   Section        0  libinit2.o(.ARM.Collect$$libinit$$00000013)
    .ARM.Collect$$libinit$$00000015          0x08000212   Section        0  libinit2.o(.ARM.Collect$$libinit$$00000015)
    .ARM.Collect$$libinit$$00000017          0x08000212   Section        0  libinit2.o(.ARM.Collect$$libinit$$00000017)
    .ARM.Collect$$libinit$$00000019          0x08000212   Section        0  libinit2.o(.ARM.Collect$$libinit$$00000019)
    .ARM.Collect$$libinit$$0000001B          0x08000212   Section        0  libinit2.o(.ARM.Collect$$libinit$$0000001B)
    .ARM.Collect$$libinit$$0000001D          0x08000212   Section        0  libinit2.o(.ARM.Collect$$libinit$$0000001D)
    .ARM.Collect$$libinit$$0000001F          0x08000212   Section        0  libinit2.o(.ARM.Collect$$libinit$$0000001F)
    .ARM.Collect$$libinit$$00000021          0x08000212   Section        0  libinit2.o(.ARM.Collect$$libinit$$00000021)
    .ARM.Collect$$libinit$$00000023          0x08000212   Section        0  libinit2.o(.ARM.Collect$$libinit$$00000023)
    .ARM.Collect$$libinit$$00000025          0x08000212   Section        0  libinit2.o(.ARM.Collect$$libinit$$00000025)
    .ARM.Collect$$libinit$$0000002C          0x08000212   Section        0  libinit2.o(.ARM.Collect$$libinit$$0000002C)
    .ARM.Collect$$libinit$$0000002E          0x08000212   Section        0  libinit2.o(.ARM.Collect$$libinit$$0000002E)
    .ARM.Collect$$libinit$$00000030          0x08000212   Section        0  libinit2.o(.ARM.Collect$$libinit$$00000030)
    .ARM.Collect$$libinit$$00000032          0x08000212   Section        0  libinit2.o(.ARM.Collect$$libinit$$00000032)
    .ARM.Collect$$libinit$$00000033          0x08000212   Section        2  libinit2.o(.ARM.Collect$$libinit$$00000033)
    .ARM.Collect$$libshutdown$$00000000      0x08000214   Section        2  libshutdown.o(.ARM.Collect$$libshutdown$$00000000)
    .ARM.Collect$$libshutdown$$00000002      0x08000216   Section        0  libshutdown2.o(.ARM.Collect$$libshutdown$$00000002)
    .ARM.Collect$$libshutdown$$00000004      0x08000216   Section        0  libshutdown2.o(.ARM.Collect$$libshutdown$$00000004)
    .ARM.Collect$$libshutdown$$00000007      0x08000216   Section        0  libshutdown2.o(.ARM.Collect$$libshutdown$$00000007)
    .ARM.Collect$$libshutdown$$0000000A      0x08000216   Section        0  libshutdown2.o(.ARM.Collect$$libshutdown$$0000000A)
    .ARM.Collect$$libshutdown$$0000000C      0x08000216   Section        0  libshutdown2.o(.ARM.Collect$$libshutdown$$0000000C)
    .ARM.Collect$$libshutdown$$0000000F      0x08000216   Section        0  libshutdown2.o(.ARM.Collect$$libshutdown$$0000000F)
    .ARM.Collect$$libshutdown$$00000010      0x08000216   Section        2  libshutdown2.o(.ARM.Collect$$libshutdown$$00000010)
    .ARM.Collect$$rtentry$$00000000          0x08000218   Section        0  __rtentry.o(.ARM.Collect$$rtentry$$00000000)
    .ARM.Collect$$rtentry$$00000002          0x08000218   Section        0  __rtentry2.o(.ARM.Collect$$rtentry$$00000002)
    .ARM.Collect$$rtentry$$00000004          0x08000218   Section        6  __rtentry4.o(.ARM.Collect$$rtentry$$00000004)
    .ARM.Collect$$rtentry$$00000009          0x0800021e   Section        0  __rtentry2.o(.ARM.Collect$$rtentry$$00000009)
    .ARM.Collect$$rtentry$$0000000A          0x0800021e   Section        4  __rtentry2.o(.ARM.Collect$$rtentry$$0000000A)
    .ARM.Collect$$rtentry$$0000000C          0x08000222   Section        0  __rtentry2.o(.ARM.Collect$$rtentry$$0000000C)
    .ARM.Collect$$rtentry$$0000000D          0x08000222   Section        8  __rtentry2.o(.ARM.Collect$$rtentry$$0000000D)
    .ARM.Collect$$rtexit$$00000000           0x0800022a   Section        2  rtexit.o(.ARM.Collect$$rtexit$$00000000)
    .ARM.Collect$$rtexit$$00000002           0x0800022c   Section        0  rtexit2.o(.ARM.Collect$$rtexit$$00000002)
    .ARM.Collect$$rtexit$$00000003           0x0800022c   Section        4  rtexit2.o(.ARM.Collect$$rtexit$$00000003)
    .ARM.Collect$$rtexit$$00000004           0x08000230   Section        6  rtexit2.o(.ARM.Collect$$rtexit$$00000004)
    $v0                                      0x08000238   Number         0  startup_stm32f411xe.o(.text)
    .text                                    0x08000238   Section       64  startup_stm32f411xe.o(.text)
    .text                                    0x08000278   Section        0  heapauxi.o(.text)
    .text                                    0x0800027e   Section       74  sys_stackheap_outer.o(.text)
    .text                                    0x080002c8   Section        0  exit.o(.text)
    .text                                    0x080002dc   Section        8  libspace.o(.text)
    .text                                    0x080002e4   Section        0  sys_exit.o(.text)
    .text                                    0x080002f0   Section        2  use_no_semi.o(.text)
    .text                                    0x080002f2   Section        0  indicate_semi.o(.text)
    [Anonymous Symbol]                       0x080002f4   Section        0  carhandler.o(.text.AdjustBrightness)
    [Anonymous Symbol]                       0x08000314   Section        0  gpio.o(.text.EXTI15_10_IRQHandler)
    [Anonymous Symbol]                       0x08000360   Section        0  gpio.o(.text.GPIO_INIT)
    [Anonymous Symbol]                       0x08000488   Section        0  carhandler.o(.text.GoBackward)
    [Anonymous Symbol]                       0x080004a8   Section        0  carhandler.o(.text.GoForward)
    [Anonymous Symbol]                       0x080004c8   Section        0  carhandler.o(.text.Horn)
    [Anonymous Symbol]                       0x080004f8   Section        0  carhandler.o(.text.LightsOff)
    [Anonymous Symbol]                       0x08000514   Section        0  carhandler.o(.text.LightsOn)
    [Anonymous Symbol]                       0x08000530   Section        0  carhandler.o(.text.MotorsBackward)
    [Anonymous Symbol]                       0x08000564   Section        0  carhandler.o(.text.MotorsForward)
    [Anonymous Symbol]                       0x08000598   Section        0  carhandler.o(.text.MotorsReset)
    [Anonymous Symbol]                       0x080005d0   Section        0  carhandler.o(.text.MotorsTurningLeft)
    [Anonymous Symbol]                       0x08000604   Section        0  carhandler.o(.text.MotorsTurningRight)
    [Anonymous Symbol]                       0x08000638   Section        0  periodictimer.o(.text.PERIODIC_TIMER_INIT)
    [Anonymous Symbol]                       0x08000678   Section        0  pwm.o(.text.PWM_INIT)
    [Anonymous Symbol]                       0x08000700   Section        0  carhandler.o(.text.Reset)
    [Anonymous Symbol]                       0x080007a4   Section        0  spi.o(.text.SPI_INIT)
    [Anonymous Symbol]                       0x080007e8   Section        0  system_stm32f4xx.o(.text.SystemInit)
    [Anonymous Symbol]                       0x08000804   Section        0  main.o(.text.TIM1_UP_TIM10_IRQHandler)
    [Anonymous Symbol]                       0x080008cc   Section        0  carhandler.o(.text.TurnLeft)
    [Anonymous Symbol]                       0x080008e8   Section        0  carhandler.o(.text.TurnRight)
    [Anonymous Symbol]                       0x08000904   Section        0  uart.o(.text.USART2_GetChar)
    [Anonymous Symbol]                       0x08000918   Section        0  main.o(.text.USART2_IRQHandler)
    [Anonymous Symbol]                       0x08000b60   Section        0  uart.o(.text.USART2_SendChar)
    [Anonymous Symbol]                       0x08000b74   Section        0  uart.o(.text.USART2_SendString)
    [Anonymous Symbol]                       0x08000b90   Section        0  uart.o(.text.USART_INIT)
    [Anonymous Symbol]                       0x08000c20   Section        0  carhandler.o(.text.WaitForAction)
    __NVIC_EnableIRQ                         0x08000c35   Thumb Code    16  gpio.o(.text.__NVIC_EnableIRQ)
    [Anonymous Symbol]                       0x08000c34   Section        0  gpio.o(.text.__NVIC_EnableIRQ)
    __NVIC_EnableIRQ                         0x08000c45   Thumb Code    14  uart.o(.text.__NVIC_EnableIRQ)
    [Anonymous Symbol]                       0x08000c44   Section        0  uart.o(.text.__NVIC_EnableIRQ)
    __NVIC_EnableIRQ                         0x08000c55   Thumb Code    16  periodictimer.o(.text.__NVIC_EnableIRQ)
    [Anonymous Symbol]                       0x08000c54   Section        0  periodictimer.o(.text.__NVIC_EnableIRQ)
    __NVIC_SetPriority                       0x08000c65   Thumb Code    14  gpio.o(.text.__NVIC_SetPriority)
    [Anonymous Symbol]                       0x08000c64   Section        0  gpio.o(.text.__NVIC_SetPriority)
    __NVIC_SetPriority                       0x08000c75   Thumb Code    14  uart.o(.text.__NVIC_SetPriority)
    [Anonymous Symbol]                       0x08000c74   Section        0  uart.o(.text.__NVIC_SetPriority)
    __NVIC_SetPriority                       0x08000c85   Thumb Code    14  periodictimer.o(.text.__NVIC_SetPriority)
    [Anonymous Symbol]                       0x08000c84   Section        0  periodictimer.o(.text.__NVIC_SetPriority)
    [Anonymous Symbol]                       0x08000c94   Section        0  carhandler.o(.text.delayMs)
    [Anonymous Symbol]                       0x08000cb0   Section        0  main.o(.text.main)
    $v0                                      0x08000d20   Number         0  fpinit.o(x$fpl$fpinit)
    x$fpl$fpinit                             0x08000d20   Section       26  fpinit.o(x$fpl$fpinit)
    .bss                                     0x20000008   Section       96  libspace.o(.bss)
    booleanVal                               0x20000069   Data           1  gpio.o(.bss.booleanVal)
    [Anonymous Symbol]                       0x20000069   Section        0  gpio.o(.bss.booleanVal)
    Heap_Mem                                 0x20000078   Data         512  startup_stm32f411xe.o(HEAP)
    HEAP                                     0x20000078   Section      512  startup_stm32f411xe.o(HEAP)
    Stack_Mem                                0x20000278   Data        1024  startup_stm32f411xe.o(STACK)
    STACK                                    0x20000278   Section     1024  startup_stm32f411xe.o(STACK)
    __initial_sp                             0x20000678   Data           0  startup_stm32f411xe.o(STACK)

    Global Symbols

    Symbol Name                              Value     Ov Type        Size  Object(Section)

    BuildAttributes$$THM_ISAv4$E$P$D$K$B$S$7EM$VFPi3$EXTD16$VFPS$VFMA$PE$A:L22UL41UL21$X:L11$S22US41US21$IEEE1$IW$~IW$USESV6$~STKCKD$USESV7$~SHL$OTIME$ROPI$EBA8$UX$STANDARDLIB$REQ8$PRES8$EABIv2 0x00000000   Number         0  anon$$obj.o ABSOLUTE
    __ARM_exceptions_init                     - Undefined Weak Reference
    __alloca_initialize                       - Undefined Weak Reference
    __arm_preinit_                            - Undefined Weak Reference
    __cpp_initialize__aeabi_                  - Undefined Weak Reference
    __cxa_finalize                            - Undefined Weak Reference
    __rt_locale                               - Undefined Weak Reference
    __sigvec_lookup                           - Undefined Weak Reference
    _atexit_init                              - Undefined Weak Reference
    _call_atexit_fns                          - Undefined Weak Reference
    _clock_init                               - Undefined Weak Reference
    _fp_trap_init                             - Undefined Weak Reference
    _fp_trap_shutdown                         - Undefined Weak Reference
    _get_lc_collate                           - Undefined Weak Reference
    _get_lc_ctype                             - Undefined Weak Reference
    _get_lc_monetary                          - Undefined Weak Reference
    _get_lc_numeric                           - Undefined Weak Reference
    _get_lc_time                              - Undefined Weak Reference
    _getenv_init                              - Undefined Weak Reference
    _handle_redirection                       - Undefined Weak Reference
    _init_alloc                               - Undefined Weak Reference
    _init_user_alloc                          - Undefined Weak Reference
    _initio                                   - Undefined Weak Reference
    _rand_init                                - Undefined Weak Reference
    _signal_finish                            - Undefined Weak Reference
    _signal_init                              - Undefined Weak Reference
    _terminate_alloc                          - Undefined Weak Reference
    _terminate_user_alloc                     - Undefined Weak Reference
    _terminateio                              - Undefined Weak Reference
    __Vectors_Size                           0x00000198   Number         0  startup_stm32f411xe.o ABSOLUTE
    __Vectors                                0x08000000   Data           4  startup_stm32f411xe.o(RESET)
    __Vectors_End                            0x08000198   Data           0  startup_stm32f411xe.o(RESET)
    __main                                   0x08000199   Thumb Code     8  __main.o(!!!main)
    __scatterload                            0x080001a1   Thumb Code     0  __scatter.o(!!!scatter)
    __scatterload_rt2                        0x080001a1   Thumb Code    44  __scatter.o(!!!scatter)
    __scatterload_rt2_thumb_only             0x080001a1   Thumb Code     0  __scatter.o(!!!scatter)
    __scatterload_null                       0x080001af   Thumb Code     0  __scatter.o(!!!scatter)
    __scatterload_copy                       0x080001d5   Thumb Code    26  __scatter_copy.o(!!handler_copy)
    __scatterload_zeroinit                   0x080001f1   Thumb Code    28  __scatter_zi.o(!!handler_zi)
    __rt_lib_init                            0x0800020d   Thumb Code     0  libinit.o(.ARM.Collect$$libinit$$00000000)
    __rt_lib_init_fp_1                       0x0800020f   Thumb Code     0  libinit2.o(.ARM.Collect$$libinit$$00000001)
    __rt_lib_init_alloca_1                   0x08000213   Thumb Code     0  libinit2.o(.ARM.Collect$$libinit$$0000002E)
    __rt_lib_init_argv_1                     0x08000213   Thumb Code     0  libinit2.o(.ARM.Collect$$libinit$$0000002C)
    __rt_lib_init_atexit_1                   0x08000213   Thumb Code     0  libinit2.o(.ARM.Collect$$libinit$$0000001B)
    __rt_lib_init_clock_1                    0x08000213   Thumb Code     0  libinit2.o(.ARM.Collect$$libinit$$00000021)
    __rt_lib_init_cpp_1                      0x08000213   Thumb Code     0  libinit2.o(.ARM.Collect$$libinit$$00000032)
    __rt_lib_init_exceptions_1               0x08000213   Thumb Code     0  libinit2.o(.ARM.Collect$$libinit$$00000030)
    __rt_lib_init_fp_trap_1                  0x08000213   Thumb Code     0  libinit2.o(.ARM.Collect$$libinit$$0000001F)
    __rt_lib_init_getenv_1                   0x08000213   Thumb Code     0  libinit2.o(.ARM.Collect$$libinit$$00000023)
    __rt_lib_init_heap_1                     0x08000213   Thumb Code     0  libinit2.o(.ARM.Collect$$libinit$$0000000A)
    __rt_lib_init_lc_collate_1               0x08000213   Thumb Code     0  libinit2.o(.ARM.Collect$$libinit$$00000011)
    __rt_lib_init_lc_ctype_1                 0x08000213   Thumb Code     0  libinit2.o(.ARM.Collect$$libinit$$00000013)
    __rt_lib_init_lc_monetary_1              0x08000213   Thumb Code     0  libinit2.o(.ARM.Collect$$libinit$$00000015)
    __rt_lib_init_lc_numeric_1               0x08000213   Thumb Code     0  libinit2.o(.ARM.Collect$$libinit$$00000017)
    __rt_lib_init_lc_time_1                  0x08000213   Thumb Code     0  libinit2.o(.ARM.Collect$$libinit$$00000019)
    __rt_lib_init_preinit_1                  0x08000213   Thumb Code     0  libinit2.o(.ARM.Collect$$libinit$$00000004)
    __rt_lib_init_rand_1                     0x08000213   Thumb Code     0  libinit2.o(.ARM.Collect$$libinit$$0000000E)
    __rt_lib_init_return                     0x08000213   Thumb Code     0  libinit2.o(.ARM.Collect$$libinit$$00000033)
    __rt_lib_init_signal_1                   0x08000213   Thumb Code     0  libinit2.o(.ARM.Collect$$libinit$$0000001D)
    __rt_lib_init_stdio_1                    0x08000213   Thumb Code     0  libinit2.o(.ARM.Collect$$libinit$$00000025)
    __rt_lib_init_user_alloc_1               0x08000213   Thumb Code     0  libinit2.o(.ARM.Collect$$libinit$$0000000C)
    __rt_lib_shutdown                        0x08000215   Thumb Code     0  libshutdown.o(.ARM.Collect$$libshutdown$$00000000)
    __rt_lib_shutdown_cpp_1                  0x08000217   Thumb Code     0  libshutdown2.o(.ARM.Collect$$libshutdown$$00000002)
    __rt_lib_shutdown_fp_trap_1              0x08000217   Thumb Code     0  libshutdown2.o(.ARM.Collect$$libshutdown$$00000007)
    __rt_lib_shutdown_heap_1                 0x08000217   Thumb Code     0  libshutdown2.o(.ARM.Collect$$libshutdown$$0000000F)
    __rt_lib_shutdown_return                 0x08000217   Thumb Code     0  libshutdown2.o(.ARM.Collect$$libshutdown$$00000010)
    __rt_lib_shutdown_signal_1               0x08000217   Thumb Code     0  libshutdown2.o(.ARM.Collect$$libshutdown$$0000000A)
    __rt_lib_shutdown_stdio_1                0x08000217   Thumb Code     0  libshutdown2.o(.ARM.Collect$$libshutdown$$00000004)
    __rt_lib_shutdown_user_alloc_1           0x08000217   Thumb Code     0  libshutdown2.o(.ARM.Collect$$libshutdown$$0000000C)
    __rt_entry                               0x08000219   Thumb Code     0  __rtentry.o(.ARM.Collect$$rtentry$$00000000)
    __rt_entry_presh_1                       0x08000219   Thumb Code     0  __rtentry2.o(.ARM.Collect$$rtentry$$00000002)
    __rt_entry_sh                            0x08000219   Thumb Code     0  __rtentry4.o(.ARM.Collect$$rtentry$$00000004)
    __rt_entry_li                            0x0800021f   Thumb Code     0  __rtentry2.o(.ARM.Collect$$rtentry$$0000000A)
    __rt_entry_postsh_1                      0x0800021f   Thumb Code     0  __rtentry2.o(.ARM.Collect$$rtentry$$00000009)
    __rt_entry_main                          0x08000223   Thumb Code     0  __rtentry2.o(.ARM.Collect$$rtentry$$0000000D)
    __rt_entry_postli_1                      0x08000223   Thumb Code     0  __rtentry2.o(.ARM.Collect$$rtentry$$0000000C)
    __rt_exit                                0x0800022b   Thumb Code     0  rtexit.o(.ARM.Collect$$rtexit$$00000000)
    __rt_exit_ls                             0x0800022d   Thumb Code     0  rtexit2.o(.ARM.Collect$$rtexit$$00000003)
    __rt_exit_prels_1                        0x0800022d   Thumb Code     0  rtexit2.o(.ARM.Collect$$rtexit$$00000002)
    __rt_exit_exit                           0x08000231   Thumb Code     0  rtexit2.o(.ARM.Collect$$rtexit$$00000004)
    Reset_Handler                            0x08000239   Thumb Code     8  startup_stm32f411xe.o(.text)
    NMI_Handler                              0x08000241   Thumb Code     2  startup_stm32f411xe.o(.text)
    HardFault_Handler                        0x08000243   Thumb Code     2  startup_stm32f411xe.o(.text)
    MemManage_Handler                        0x08000245   Thumb Code     2  startup_stm32f411xe.o(.text)
    BusFault_Handler                         0x08000247   Thumb Code     2  startup_stm32f411xe.o(.text)
    UsageFault_Handler                       0x08000249   Thumb Code     2  startup_stm32f411xe.o(.text)
    SVC_Handler                              0x0800024b   Thumb Code     2  startup_stm32f411xe.o(.text)
    DebugMon_Handler                         0x0800024d   Thumb Code     2  startup_stm32f411xe.o(.text)
    PendSV_Handler                           0x0800024f   Thumb Code     2  startup_stm32f411xe.o(.text)
    SysTick_Handler                          0x08000251   Thumb Code     2  startup_stm32f411xe.o(.text)
    ADC_IRQHandler                           0x08000253   Thumb Code     0  startup_stm32f411xe.o(.text)
    DMA1_Stream0_IRQHandler                  0x08000253   Thumb Code     0  startup_stm32f411xe.o(.text)
    DMA1_Stream1_IRQHandler                  0x08000253   Thumb Code     0  startup_stm32f411xe.o(.text)
    DMA1_Stream2_IRQHandler                  0x08000253   Thumb Code     0  startup_stm32f411xe.o(.text)
    DMA1_Stream3_IRQHandler                  0x08000253   Thumb Code     0  startup_stm32f411xe.o(.text)
    DMA1_Stream4_IRQHandler                  0x08000253   Thumb Code     0  startup_stm32f411xe.o(.text)
    DMA1_Stream5_IRQHandler                  0x08000253   Thumb Code     0  startup_stm32f411xe.o(.text)
    DMA1_Stream6_IRQHandler                  0x08000253   Thumb Code     0  startup_stm32f411xe.o(.text)
    DMA1_Stream7_IRQHandler                  0x08000253   Thumb Code     0  startup_stm32f411xe.o(.text)
    DMA2_Stream0_IRQHandler                  0x08000253   Thumb Code     0  startup_stm32f411xe.o(.text)
    DMA2_Stream1_IRQHandler                  0x08000253   Thumb Code     0  startup_stm32f411xe.o(.text)
    DMA2_Stream2_IRQHandler                  0x08000253   Thumb Code     0  startup_stm32f411xe.o(.text)
    DMA2_Stream3_IRQHandler                  0x08000253   Thumb Code     0  startup_stm32f411xe.o(.text)
    DMA2_Stream4_IRQHandler                  0x08000253   Thumb Code     0  startup_stm32f411xe.o(.text)
    DMA2_Stream5_IRQHandler                  0x08000253   Thumb Code     0  startup_stm32f411xe.o(.text)
    DMA2_Stream6_IRQHandler                  0x08000253   Thumb Code     0  startup_stm32f411xe.o(.text)
    DMA2_Stream7_IRQHandler                  0x08000253   Thumb Code     0  startup_stm32f411xe.o(.text)
    EXTI0_IRQHandler                         0x08000253   Thumb Code     0  startup_stm32f411xe.o(.text)
    EXTI1_IRQHandler                         0x08000253   Thumb Code     0  startup_stm32f411xe.o(.text)
    EXTI2_IRQHandler                         0x08000253   Thumb Code     0  startup_stm32f411xe.o(.text)
    EXTI3_IRQHandler                         0x08000253   Thumb Code     0  startup_stm32f411xe.o(.text)
    EXTI4_IRQHandler                         0x08000253   Thumb Code     0  startup_stm32f411xe.o(.text)
    EXTI9_5_IRQHandler                       0x08000253   Thumb Code     0  startup_stm32f411xe.o(.text)
    FLASH_IRQHandler                         0x08000253   Thumb Code     0  startup_stm32f411xe.o(.text)
    FPU_IRQHandler                           0x08000253   Thumb Code     0  startup_stm32f411xe.o(.text)
    I2C1_ER_IRQHandler                       0x08000253   Thumb Code     0  startup_stm32f411xe.o(.text)
    I2C1_EV_IRQHandler                       0x08000253   Thumb Code     0  startup_stm32f411xe.o(.text)
    I2C2_ER_IRQHandler                       0x08000253   Thumb Code     0  startup_stm32f411xe.o(.text)
    I2C2_EV_IRQHandler                       0x08000253   Thumb Code     0  startup_stm32f411xe.o(.text)
    I2C3_ER_IRQHandler                       0x08000253   Thumb Code     0  startup_stm32f411xe.o(.text)
    I2C3_EV_IRQHandler                       0x08000253   Thumb Code     0  startup_stm32f411xe.o(.text)
    OTG_FS_IRQHandler                        0x08000253   Thumb Code     0  startup_stm32f411xe.o(.text)
    OTG_FS_WKUP_IRQHandler                   0x08000253   Thumb Code     0  startup_stm32f411xe.o(.text)
    PVD_IRQHandler                           0x08000253   Thumb Code     0  startup_stm32f411xe.o(.text)
    RCC_IRQHandler                           0x08000253   Thumb Code     0  startup_stm32f411xe.o(.text)
    RTC_Alarm_IRQHandler                     0x08000253   Thumb Code     0  startup_stm32f411xe.o(.text)
    RTC_WKUP_IRQHandler                      0x08000253   Thumb Code     0  startup_stm32f411xe.o(.text)
    SDIO_IRQHandler                          0x08000253   Thumb Code     0  startup_stm32f411xe.o(.text)
    SPI1_IRQHandler                          0x08000253   Thumb Code     0  startup_stm32f411xe.o(.text)
    SPI2_IRQHandler                          0x08000253   Thumb Code     0  startup_stm32f411xe.o(.text)
    SPI3_IRQHandler                          0x08000253   Thumb Code     0  startup_stm32f411xe.o(.text)
    SPI4_IRQHandler                          0x08000253   Thumb Code     0  startup_stm32f411xe.o(.text)
    SPI5_IRQHandler                          0x08000253   Thumb Code     0  startup_stm32f411xe.o(.text)
    TAMP_STAMP_IRQHandler                    0x08000253   Thumb Code     0  startup_stm32f411xe.o(.text)
    TIM1_BRK_TIM9_IRQHandler                 0x08000253   Thumb Code     0  startup_stm32f411xe.o(.text)
    TIM1_CC_IRQHandler                       0x08000253   Thumb Code     0  startup_stm32f411xe.o(.text)
    TIM1_TRG_COM_TIM11_IRQHandler            0x08000253   Thumb Code     0  startup_stm32f411xe.o(.text)
    TIM2_IRQHandler                          0x08000253   Thumb Code     0  startup_stm32f411xe.o(.text)
    TIM3_IRQHandler                          0x08000253   Thumb Code     0  startup_stm32f411xe.o(.text)
    TIM4_IRQHandler                          0x08000253   Thumb Code     0  startup_stm32f411xe.o(.text)
    TIM5_IRQHandler                          0x08000253   Thumb Code     0  startup_stm32f411xe.o(.text)
    USART1_IRQHandler                        0x08000253   Thumb Code     0  startup_stm32f411xe.o(.text)
    USART6_IRQHandler                        0x08000253   Thumb Code     0  startup_stm32f411xe.o(.text)
    WWDG_IRQHandler                          0x08000253   Thumb Code     0  startup_stm32f411xe.o(.text)
    __user_initial_stackheap                 0x08000255   Thumb Code     0  startup_stm32f411xe.o(.text)
    __use_two_region_memory                  0x08000279   Thumb Code     2  heapauxi.o(.text)
    __rt_heap_escrow$2region                 0x0800027b   Thumb Code     2  heapauxi.o(.text)
    __rt_heap_expand$2region                 0x0800027d   Thumb Code     2  heapauxi.o(.text)
    __user_setup_stackheap                   0x0800027f   Thumb Code    74  sys_stackheap_outer.o(.text)
    exit                                     0x080002c9   Thumb Code    18  exit.o(.text)
    __user_libspace                          0x080002dd   Thumb Code     8  libspace.o(.text)
    __user_perproc_libspace                  0x080002dd   Thumb Code     0  libspace.o(.text)
    __user_perthread_libspace                0x080002dd   Thumb Code     0  libspace.o(.text)
    _sys_exit                                0x080002e5   Thumb Code     8  sys_exit.o(.text)
    __I$use$semihosting                      0x080002f1   Thumb Code     0  use_no_semi.o(.text)
    __use_no_semihosting_swi                 0x080002f1   Thumb Code     2  use_no_semi.o(.text)
    __semihosting_library_function           0x080002f3   Thumb Code     0  indicate_semi.o(.text)
    AdjustBrightness                         0x080002f5   Thumb Code    30  carhandler.o(.text.AdjustBrightness)
    EXTI15_10_IRQHandler                     0x08000315   Thumb Code    74  gpio.o(.text.EXTI15_10_IRQHandler)
    GPIO_INIT                                0x08000361   Thumb Code   296  gpio.o(.text.GPIO_INIT)
    GoBackward                               0x08000489   Thumb Code    32  carhandler.o(.text.GoBackward)
    GoForward                                0x080004a9   Thumb Code    32  carhandler.o(.text.GoForward)
    Horn                                     0x080004c9   Thumb Code    46  carhandler.o(.text.Horn)
    LightsOff                                0x080004f9   Thumb Code    26  carhandler.o(.text.LightsOff)
    LightsOn                                 0x08000515   Thumb Code    26  carhandler.o(.text.LightsOn)
    MotorsBackward                           0x08000531   Thumb Code    52  carhandler.o(.text.MotorsBackward)
    MotorsForward                            0x08000565   Thumb Code    52  carhandler.o(.text.MotorsForward)
    MotorsReset                              0x08000599   Thumb Code    54  carhandler.o(.text.MotorsReset)
    MotorsTurningLeft                        0x080005d1   Thumb Code    52  carhandler.o(.text.MotorsTurningLeft)
    MotorsTurningRight                       0x08000605   Thumb Code    52  carhandler.o(.text.MotorsTurningRight)
    PERIODIC_TIMER_INIT                      0x08000639   Thumb Code    64  periodictimer.o(.text.PERIODIC_TIMER_INIT)
    PWM_INIT                                 0x08000679   Thumb Code   136  pwm.o(.text.PWM_INIT)
    Reset                                    0x08000701   Thumb Code   164  carhandler.o(.text.Reset)
    SPI_INIT                                 0x080007a5   Thumb Code    68  spi.o(.text.SPI_INIT)
    SystemInit                               0x080007e9   Thumb Code    26  system_stm32f4xx.o(.text.SystemInit)
    TIM1_UP_TIM10_IRQHandler                 0x08000805   Thumb Code   198  main.o(.text.TIM1_UP_TIM10_IRQHandler)
    TurnLeft                                 0x080008cd   Thumb Code    26  carhandler.o(.text.TurnLeft)
    TurnRight                                0x080008e9   Thumb Code    26  carhandler.o(.text.TurnRight)
    USART2_GetChar                           0x08000905   Thumb Code    20  uart.o(.text.USART2_GetChar)
    USART2_IRQHandler                        0x08000919   Thumb Code   584  main.o(.text.USART2_IRQHandler)
    USART2_SendChar                          0x08000b61   Thumb Code    20  uart.o(.text.USART2_SendChar)
    USART2_SendString                        0x08000b75   Thumb Code    28  uart.o(.text.USART2_SendString)
    USART_INIT                               0x08000b91   Thumb Code   142  uart.o(.text.USART_INIT)
    WaitForAction                            0x08000c21   Thumb Code    20  carhandler.o(.text.WaitForAction)
    delayMs                                  0x08000c95   Thumb Code    26  carhandler.o(.text.delayMs)
    main                                     0x08000cb1   Thumb Code   112  main.o(.text.main)
    _fp_init                                 0x08000d21   Thumb Code    26  fpinit.o(x$fpl$fpinit)
    __fplib_config_fpu_vfp                   0x08000d39   Thumb Code     0  fpinit.o(x$fpl$fpinit)
    __fplib_config_pureend_doubles           0x08000d39   Thumb Code     0  fpinit.o(x$fpl$fpinit)
    Region$$Table$$Base                      0x08000d3c   Number         0  anon$$obj.o(Region$$Table)
    Region$$Table$$Limit                     0x08000d5c   Number         0  anon$$obj.o(Region$$Table)
    state                                    0x20000000   Data           1  main.o(.data.state)
    __libspace_start                         0x20000008   Data          96  libspace.o(.bss)
    __temporary_stack_top$libspace           0x20000068   Data           0  libspace.o(.bss)
    backwardCounter                          0x20000068   Data           1  main.o(.bss.backwardCounter)
    forwardCounter                           0x2000006a   Data           1  main.o(.bss.forwardCounter)
    isLeftLightActive                        0x2000006b   Data           1  main.o(.bss.isLeftLightActive)
    isLeftOn                                 0x2000006c   Data           1  main.o(.bss.isLeftOn)
    isRightLightActive                       0x2000006d   Data           1  main.o(.bss.isRightLightActive)
    isRightOn                                0x2000006e   Data           1  main.o(.bss.isRightOn)
    leftTurningCounter                       0x2000006f   Data           1  main.o(.bss.leftTurningCounter)
    lightsBrightness                         0x20000070   Data           1  main.o(.bss.lightsBrightness)
    rightTurningCounter                      0x20000071   Data           1  main.o(.bss.rightTurningCounter)



==============================================================================

Memory Map of the image

  Image Entry point : 0x08000239

  Load Region LR_1 (Base: 0x08000000, Size: 0x00000d60, Max: 0xffffffff, ABSOLUTE)

    Execution Region ER_RO (Exec base: 0x08000000, Load base: 0x08000000, Size: 0x00000d5c, Max: 0xffffffff, ABSOLUTE)

    Exec Addr    Load Addr    Size         Type   Attr      Idx    E Section Name        Object

    0x08000000   0x08000000   0x00000198   Data   RO          147    RESET               startup_stm32f411xe.o
    0x08000198   0x08000198   0x00000008   Code   RO          173  * !!!main             c_w.l(__main.o)
    0x080001a0   0x080001a0   0x00000034   Code   RO          336    !!!scatter          c_w.l(__scatter.o)
    0x080001d4   0x080001d4   0x0000001a   Code   RO          338    !!handler_copy      c_w.l(__scatter_copy.o)
    0x080001ee   0x080001ee   0x00000002   PAD
    0x080001f0   0x080001f0   0x0000001c   Code   RO          340    !!handler_zi        c_w.l(__scatter_zi.o)
    0x0800020c   0x0800020c   0x00000002   Code   RO          200    .ARM.Collect$$libinit$$00000000  c_w.l(libinit.o)
    0x0800020e   0x0800020e   0x00000004   Code   RO          206    .ARM.Collect$$libinit$$00000001  c_w.l(libinit2.o)
    0x08000212   0x08000212   0x00000000   Code   RO          209    .ARM.Collect$$libinit$$00000004  c_w.l(libinit2.o)
    0x08000212   0x08000212   0x00000000   Code   RO          212    .ARM.Collect$$libinit$$0000000A  c_w.l(libinit2.o)
    0x08000212   0x08000212   0x00000000   Code   RO          214    .ARM.Collect$$libinit$$0000000C  c_w.l(libinit2.o)
    0x08000212   0x08000212   0x00000000   Code   RO          216    .ARM.Collect$$libinit$$0000000E  c_w.l(libinit2.o)
    0x08000212   0x08000212   0x00000000   Code   RO          219    .ARM.Collect$$libinit$$00000011  c_w.l(libinit2.o)
    0x08000212   0x08000212   0x00000000   Code   RO          221    .ARM.Collect$$libinit$$00000013  c_w.l(libinit2.o)
    0x08000212   0x08000212   0x00000000   Code   RO          223    .ARM.Collect$$libinit$$00000015  c_w.l(libinit2.o)
    0x08000212   0x08000212   0x00000000   Code   RO          225    .ARM.Collect$$libinit$$00000017  c_w.l(libinit2.o)
    0x08000212   0x08000212   0x00000000   Code   RO          227    .ARM.Collect$$libinit$$00000019  c_w.l(libinit2.o)
    0x08000212   0x08000212   0x00000000   Code   RO          229    .ARM.Collect$$libinit$$0000001B  c_w.l(libinit2.o)
    0x08000212   0x08000212   0x00000000   Code   RO          231    .ARM.Collect$$libinit$$0000001D  c_w.l(libinit2.o)
    0x08000212   0x08000212   0x00000000   Code   RO          233    .ARM.Collect$$libinit$$0000001F  c_w.l(libinit2.o)
    0x08000212   0x08000212   0x00000000   Code   RO          235    .ARM.Collect$$libinit$$00000021  c_w.l(libinit2.o)
    0x08000212   0x08000212   0x00000000   Code   RO          237    .ARM.Collect$$libinit$$00000023  c_w.l(libinit2.o)
    0x08000212   0x08000212   0x00000000   Code   RO          239    .ARM.Collect$$libinit$$00000025  c_w.l(libinit2.o)
    0x08000212   0x08000212   0x00000000   Code   RO          243    .ARM.Collect$$libinit$$0000002C  c_w.l(libinit2.o)
    0x08000212   0x08000212   0x00000000   Code   RO          245    .ARM.Collect$$libinit$$0000002E  c_w.l(libinit2.o)
    0x08000212   0x08000212   0x00000000   Code   RO          247    .ARM.Collect$$libinit$$00000030  c_w.l(libinit2.o)
    0x08000212   0x08000212   0x00000000   Code   RO          249    .ARM.Collect$$libinit$$00000032  c_w.l(libinit2.o)
    0x08000212   0x08000212   0x00000002   Code   RO          250    .ARM.Collect$$libinit$$00000033  c_w.l(libinit2.o)
    0x08000214   0x08000214   0x00000002   Code   RO          272    .ARM.Collect$$libshutdown$$00000000  c_w.l(libshutdown.o)
    0x08000216   0x08000216   0x00000000   Code   RO          287    .ARM.Collect$$libshutdown$$00000002  c_w.l(libshutdown2.o)
    0x08000216   0x08000216   0x00000000   Code   RO          289    .ARM.Collect$$libshutdown$$00000004  c_w.l(libshutdown2.o)
    0x08000216   0x08000216   0x00000000   Code   RO          292    .ARM.Collect$$libshutdown$$00000007  c_w.l(libshutdown2.o)
    0x08000216   0x08000216   0x00000000   Code   RO          295    .ARM.Collect$$libshutdown$$0000000A  c_w.l(libshutdown2.o)
    0x08000216   0x08000216   0x00000000   Code   RO          297    .ARM.Collect$$libshutdown$$0000000C  c_w.l(libshutdown2.o)
    0x08000216   0x08000216   0x00000000   Code   RO          300    .ARM.Collect$$libshutdown$$0000000F  c_w.l(libshutdown2.o)
    0x08000216   0x08000216   0x00000002   Code   RO          301    .ARM.Collect$$libshutdown$$00000010  c_w.l(libshutdown2.o)
    0x08000218   0x08000218   0x00000000   Code   RO          175    .ARM.Collect$$rtentry$$00000000  c_w.l(__rtentry.o)
    0x08000218   0x08000218   0x00000000   Code   RO          177    .ARM.Collect$$rtentry$$00000002  c_w.l(__rtentry2.o)
    0x08000218   0x08000218   0x00000006   Code   RO          189    .ARM.Collect$$rtentry$$00000004  c_w.l(__rtentry4.o)
    0x0800021e   0x0800021e   0x00000000   Code   RO          179    .ARM.Collect$$rtentry$$00000009  c_w.l(__rtentry2.o)
    0x0800021e   0x0800021e   0x00000004   Code   RO          180    .ARM.Collect$$rtentry$$0000000A  c_w.l(__rtentry2.o)
    0x08000222   0x08000222   0x00000000   Code   RO          182    .ARM.Collect$$rtentry$$0000000C  c_w.l(__rtentry2.o)
    0x08000222   0x08000222   0x00000008   Code   RO          183    .ARM.Collect$$rtentry$$0000000D  c_w.l(__rtentry2.o)
    0x0800022a   0x0800022a   0x00000002   Code   RO          204    .ARM.Collect$$rtexit$$00000000  c_w.l(rtexit.o)
    0x0800022c   0x0800022c   0x00000000   Code   RO          252    .ARM.Collect$$rtexit$$00000002  c_w.l(rtexit2.o)
    0x0800022c   0x0800022c   0x00000004   Code   RO          253    .ARM.Collect$$rtexit$$00000003  c_w.l(rtexit2.o)
    0x08000230   0x08000230   0x00000006   Code   RO          254    .ARM.Collect$$rtexit$$00000004  c_w.l(rtexit2.o)
    0x08000236   0x08000236   0x00000002   PAD
    0x08000238   0x08000238   0x00000040   Code   RO          148  * .text               startup_stm32f411xe.o
    0x08000278   0x08000278   0x00000006   Code   RO          171    .text               c_w.l(heapauxi.o)
    0x0800027e   0x0800027e   0x0000004a   Code   RO          191    .text               c_w.l(sys_stackheap_outer.o)
    0x080002c8   0x080002c8   0x00000012   Code   RO          193    .text               c_w.l(exit.o)
    0x080002da   0x080002da   0x00000002   PAD
    0x080002dc   0x080002dc   0x00000008   Code   RO          201    .text               c_w.l(libspace.o)
    0x080002e4   0x080002e4   0x0000000c   Code   RO          262    .text               c_w.l(sys_exit.o)
    0x080002f0   0x080002f0   0x00000002   Code   RO          277    .text               c_w.l(use_no_semi.o)
    0x080002f2   0x080002f2   0x00000000   Code   RO          279    .text               c_w.l(indicate_semi.o)
    0x080002f2   0x080002f2   0x00000002   PAD
    0x080002f4   0x080002f4   0x0000001e   Code   RO          130    .text.AdjustBrightness  carhandler.o
    0x08000312   0x08000312   0x00000002   PAD
    0x08000314   0x08000314   0x0000004a   Code   RO           32    .text.EXTI15_10_IRQHandler  gpio.o
    0x0800035e   0x0800035e   0x00000002   PAD
    0x08000360   0x08000360   0x00000128   Code   RO           26    .text.GPIO_INIT     gpio.o
    0x08000488   0x08000488   0x00000020   Code   RO          112    .text.GoBackward    carhandler.o
    0x080004a8   0x080004a8   0x00000020   Code   RO          108    .text.GoForward     carhandler.o
    0x080004c8   0x080004c8   0x0000002e   Code   RO          124    .text.Horn          carhandler.o
    0x080004f6   0x080004f6   0x00000002   PAD
    0x080004f8   0x080004f8   0x0000001a   Code   RO          128    .text.LightsOff     carhandler.o
    0x08000512   0x08000512   0x00000002   PAD
    0x08000514   0x08000514   0x0000001a   Code   RO          126    .text.LightsOn      carhandler.o
    0x0800052e   0x0800052e   0x00000002   PAD
    0x08000530   0x08000530   0x00000034   Code   RO          114    .text.MotorsBackward  carhandler.o
    0x08000564   0x08000564   0x00000034   Code   RO          110    .text.MotorsForward  carhandler.o
    0x08000598   0x08000598   0x00000036   Code   RO          134    .text.MotorsReset   carhandler.o
    0x080005ce   0x080005ce   0x00000002   PAD
    0x080005d0   0x080005d0   0x00000034   Code   RO          122    .text.MotorsTurningLeft  carhandler.o
    0x08000604   0x08000604   0x00000034   Code   RO          118    .text.MotorsTurningRight  carhandler.o
    0x08000638   0x08000638   0x00000040   Code   RO           93    .text.PERIODIC_TIMER_INIT  periodictimer.o
    0x08000678   0x08000678   0x00000088   Code   RO           73    .text.PWM_INIT      pwm.o
    0x08000700   0x08000700   0x000000a4   Code   RO          132    .text.Reset         carhandler.o
    0x080007a4   0x080007a4   0x00000044   Code   RO           81    .text.SPI_INIT      spi.o
    0x080007e8   0x080007e8   0x0000001a   Code   RO          155    .text.SystemInit    system_stm32f4xx.o
    0x08000802   0x08000802   0x00000002   PAD
    0x08000804   0x08000804   0x000000c6   Code   RO            6    .text.TIM1_UP_TIM10_IRQHandler  main.o
    0x080008ca   0x080008ca   0x00000002   PAD
    0x080008cc   0x080008cc   0x0000001a   Code   RO          120    .text.TurnLeft      carhandler.o
    0x080008e6   0x080008e6   0x00000002   PAD
    0x080008e8   0x080008e8   0x0000001a   Code   RO          116    .text.TurnRight     carhandler.o
    0x08000902   0x08000902   0x00000002   PAD
    0x08000904   0x08000904   0x00000014   Code   RO           52    .text.USART2_GetChar  uart.o
    0x08000918   0x08000918   0x00000248   Code   RO            4    .text.USART2_IRQHandler  main.o
    0x08000b60   0x08000b60   0x00000014   Code   RO           48    .text.USART2_SendChar  uart.o
    0x08000b74   0x08000b74   0x0000001c   Code   RO           50    .text.USART2_SendString  uart.o
    0x08000b90   0x08000b90   0x0000008e   Code   RO           42    .text.USART_INIT    uart.o
    0x08000c1e   0x08000c1e   0x00000002   PAD
    0x08000c20   0x08000c20   0x00000014   Code   RO          136    .text.WaitForAction  carhandler.o
    0x08000c34   0x08000c34   0x00000010   Code   RO           30    .text.__NVIC_EnableIRQ  gpio.o
    0x08000c44   0x08000c44   0x0000000e   Code   RO           46    .text.__NVIC_EnableIRQ  uart.o
    0x08000c52   0x08000c52   0x00000002   PAD
    0x08000c54   0x08000c54   0x00000010   Code   RO           97    .text.__NVIC_EnableIRQ  periodictimer.o
    0x08000c64   0x08000c64   0x0000000e   Code   RO           28    .text.__NVIC_SetPriority  gpio.o
    0x08000c72   0x08000c72   0x00000002   PAD
    0x08000c74   0x08000c74   0x0000000e   Code   RO           44    .text.__NVIC_SetPriority  uart.o
    0x08000c82   0x08000c82   0x00000002   PAD
    0x08000c84   0x08000c84   0x0000000e   Code   RO           95    .text.__NVIC_SetPriority  periodictimer.o
    0x08000c92   0x08000c92   0x00000002   PAD
    0x08000c94   0x08000c94   0x0000001a   Code   RO          106    .text.delayMs       carhandler.o
    0x08000cae   0x08000cae   0x00000002   PAD
    0x08000cb0   0x08000cb0   0x00000070   Code   RO            2    .text.main          main.o
    0x08000d20   0x08000d20   0x0000001a   Code   RO          260    x$fpl$fpinit        fz_wm.l(fpinit.o)
    0x08000d3a   0x08000d3a   0x00000002   PAD
    0x08000d3c   0x08000d3c   0x00000020   Data   RO          335    Region$$Table       anon$$obj.o


    Execution Region ER_RW (Exec base: 0x20000000, Load base: 0x08000d5c, Size: 0x00000004, Max: 0xffffffff, ABSOLUTE)

    Exec Addr    Load Addr    Size         Type   Attr      Idx    E Section Name        Object

    0x20000000   0x08000d5c   0x00000001   Data   RW           17    .data.state         main.o


    Execution Region ER_ZI (Exec base: 0x20000008, Load base: 0x08000d60, Size: 0x00000670, Max: 0xffffffff, ABSOLUTE)

    Exec Addr    Load Addr    Size         Type   Attr      Idx    E Section Name        Object

    0x20000008        -       0x00000060   Zero   RW          202    .bss                c_w.l(libspace.o)
    0x20000068        -       0x00000001   Zero   RW            9    .bss.backwardCounter  main.o
    0x20000069        -       0x00000001   Zero   RW           34    .bss.booleanVal     gpio.o
    0x2000006a        -       0x00000001   Zero   RW            8    .bss.forwardCounter  main.o
    0x2000006b        -       0x00000001   Zero   RW           14    .bss.isLeftLightActive  main.o
    0x2000006c        -       0x00000001   Zero   RW           16    .bss.isLeftOn       main.o
    0x2000006d        -       0x00000001   Zero   RW           13    .bss.isRightLightActive  main.o
    0x2000006e        -       0x00000001   Zero   RW           15    .bss.isRightOn      main.o
    0x2000006f        -       0x00000001   Zero   RW           11    .bss.leftTurningCounter  main.o
    0x20000070        -       0x00000001   Zero   RW           12    .bss.lightsBrightness  main.o
    0x20000071        -       0x00000001   Zero   RW           10    .bss.rightTurningCounter  main.o
    0x20000072   0x08000d60   0x00000006   PAD
    0x20000078        -       0x00000200   Zero   RW          146    HEAP                startup_stm32f411xe.o
    0x20000278        -       0x00000400   Zero   RW          145    STACK               startup_stm32f411xe.o


==============================================================================

Image component sizes


      Code (inc. data)   RO Data    RW Data    ZI Data      Debug   Object Name

       716          0          0          0          0       3370   carhandler.o
       400          0          0          0          1       4857   gpio.o
       894        150          0          1          9       2768   main.o
        94          0          0          0          0       4534   periodictimer.o
       136          0          0          0          0       2064   pwm.o
        68          0          0          0          0       2214   spi.o
        64         26        408          0       1536        884   startup_stm32f411xe.o
        26          0          0          0          0       2814   system_stm32f4xx.o
       238          0          0          0          0       4961   uart.o

    ----------------------------------------------------------------------
      2668        176        440          4       1552      28466   Object Totals
         0          0         32          0          0          0   (incl. Generated)
        32          0          0          3          6          0   (incl. Padding)

    ----------------------------------------------------------------------

      Code (inc. data)   RO Data    RW Data    ZI Data      Debug   Library Member Name

         8          0          0          0          0         68   __main.o
         0          0          0          0          0          0   __rtentry.o
        12          0          0          0          0          0   __rtentry2.o
         6          0          0          0          0          0   __rtentry4.o
        52          8          0          0          0          0   __scatter.o
        26          0          0          0          0          0   __scatter_copy.o
        28          0          0          0          0          0   __scatter_zi.o
        18          0          0          0          0         80   exit.o
         6          0          0          0          0        152   heapauxi.o
         0          0          0          0          0          0   indicate_semi.o
         2          0          0          0          0          0   libinit.o
         6          0          0          0          0          0   libinit2.o
         2          0          0          0          0          0   libshutdown.o
         2          0          0          0          0          0   libshutdown2.o
         8          4          0          0         96         68   libspace.o
         2          0          0          0          0          0   rtexit.o
        10          0          0          0          0          0   rtexit2.o
        12          4          0          0          0         68   sys_exit.o
        74          0          0          0          0         80   sys_stackheap_outer.o
         2          0          0          0          0         68   use_no_semi.o
        26          0          0          0          0        116   fpinit.o

    ----------------------------------------------------------------------
       312         16          0          0         96        700   Library Totals
        10          0          0          0          0          0   (incl. Padding)

    ----------------------------------------------------------------------

      Code (inc. data)   RO Data    RW Data    ZI Data      Debug   Library Name

       276         16          0          0         96        584   c_w.l
        26          0          0          0          0        116   fz_wm.l

    ----------------------------------------------------------------------
       312         16          0          0         96        700   Library Totals

    ----------------------------------------------------------------------

==============================================================================


      Code (inc. data)   RO Data    RW Data    ZI Data      Debug   

      2980        192        440          4       1648      28898   Grand Totals
      2980        192        440          4       1648      28898   ELF Image Totals
      2980        192        440          4          0          0   ROM Totals

==============================================================================

    Total RO  Size (Code + RO Data)                 3420 (   3.34kB)
    Total RW  Size (RW Data + ZI Data)              1652 (   1.61kB)
    Total ROM Size (Code + RO Data + RW Data)       3424 (   3.34kB)

==============================================================================

